// Jest Snapshot v1, https://goo.gl/fbAQLP

exports[`List should render properly 1`] = `
ShallowWrapper {
  "length": 1,
  Symbol(enzyme.__root__): [Circular],
  Symbol(enzyme.__unrendered__): <List
    lectures={
        Array [
            Lecture {
              "calcLength": [Function],
              "duration": "56:54",
              "formatSubtitle": [Function],
              "length": 3414,
              "pubDate": 2017-04-18T17:15:00.000Z,
              "subtitle": "some subtitle.",
              "summary": "some summary",
              "title": "some title",
              "url": "https://www.intellectualhistory.net/some_lecture.mp3",
              "year": "2017",
            },
            Lecture {
              "calcLength": [Function],
              "duration": "50:22",
              "formatSubtitle": [Function],
              "length": 3022,
              "pubDate": 2016-11-01T17:15:00.000Z,
              "subtitle": "another subtitle.",
              "summary": "another summary",
              "title": "another title",
              "url": "https://www.intellectualhistory.net/another_lecture.mp3",
              "year": "2016",
            },
            Lecture {
              "calcLength": [Function],
              "duration": "52:14",
              "formatSubtitle": [Function],
              "length": 3134,
              "pubDate": 2015-06-23T17:15:00.000Z,
              "subtitle": "some other subtitle.",
              "summary": "some other summary",
              "title": "some other title",
              "url": "https://www.intellectualhistory.net/some_other_file.mp3",
              "year": "2015",
            },
            Lecture {
              "calcLength": [Function],
              "duration": "55:52",
              "formatSubtitle": [Function],
              "length": 3352,
              "pubDate": 2015-06-30T17:15:00.000Z,
              "subtitle": "some other other subtitle.",
              "summary": "some other other summary",
              "title": "some other other title",
              "url": undefined,
              "year": "2015",
            },
          ]
    }
/>,
  Symbol(enzyme.__renderer__): Object {
    "batchedUpdates": [Function],
    "getNode": [Function],
    "render": [Function],
    "simulateEvent": [Function],
    "unmount": [Function],
  },
  Symbol(enzyme.__node__): Object {
    "instance": null,
    "key": null,
    "nodeType": "host",
    "props": Object {
      "children": Array [
        <p>
          Sort lectures by: 
          <button
                    id="pubDate"
                    onClick={[Function]}
          >
                    Date
          </button>
          <button
                    id="title"
                    onClick={[Function]}
          >
                    Title
          </button>
          <button
                    id="length"
                    onClick={[Function]}
          >
                    Duration
          </button>
</p>,
        <p>
          Show lectures from: 
          <button
                    id="all"
                    onClick={[Function]}
          >
                    all years
          </button>
          <button
                    id="y2015"
                    onClick={[Function]}
          >
                    2015
          </button>
          <button
                    id="y2016"
                    onClick={[Function]}
          >
                    2016
          </button>
          <button
                    id="y2017"
                    onClick={[Function]}
          >
                    2017
          </button>
</p>,
        <p>
          Search lectures: 
          <input
                    id="searchString"
                    onChange={[Function]}
                    placeholder="Enter speaker or keyword"
                    type="search"
          />
</p>,
        Array [
          <Lecture
            calcLength={[Function]}
            duration="56:54"
            formatSubtitle={[Function]}
            length={3414}
            pubDate={2017-04-18T17:15:00.000Z}
            subtitle="some subtitle."
            summary="some summary"
            title="some title"
            url="https://www.intellectualhistory.net/some_lecture.mp3"
            year="2017"
/>,
          <Lecture
            calcLength={[Function]}
            duration="50:22"
            formatSubtitle={[Function]}
            length={3022}
            pubDate={2016-11-01T17:15:00.000Z}
            subtitle="another subtitle."
            summary="another summary"
            title="another title"
            url="https://www.intellectualhistory.net/another_lecture.mp3"
            year="2016"
/>,
          <Lecture
            calcLength={[Function]}
            duration="52:14"
            formatSubtitle={[Function]}
            length={3134}
            pubDate={2015-06-23T17:15:00.000Z}
            subtitle="some other subtitle."
            summary="some other summary"
            title="some other title"
            url="https://www.intellectualhistory.net/some_other_file.mp3"
            year="2015"
/>,
          <Lecture
            calcLength={[Function]}
            duration="55:52"
            formatSubtitle={[Function]}
            length={3352}
            pubDate={2015-06-30T17:15:00.000Z}
            subtitle="some other other subtitle."
            summary="some other other summary"
            title="some other other title"
            url={undefined}
            year="2015"
/>,
        ],
      ],
      "className": "List",
    },
    "ref": null,
    "rendered": Array [
      Object {
        "instance": null,
        "key": null,
        "nodeType": "host",
        "props": Object {
          "children": Array [
            "Sort lectures by: ",
            <button
              id="pubDate"
              onClick={[Function]}
>
              Date
</button>,
            <button
              id="title"
              onClick={[Function]}
>
              Title
</button>,
            <button
              id="length"
              onClick={[Function]}
>
              Duration
</button>,
          ],
        },
        "ref": null,
        "rendered": Array [
          "Sort lectures by: ",
          Object {
            "instance": null,
            "key": null,
            "nodeType": "host",
            "props": Object {
              "children": "Date",
              "id": "pubDate",
              "onClick": [Function],
            },
            "ref": null,
            "rendered": "Date",
            "type": "button",
          },
          Object {
            "instance": null,
            "key": null,
            "nodeType": "host",
            "props": Object {
              "children": "Title",
              "id": "title",
              "onClick": [Function],
            },
            "ref": null,
            "rendered": "Title",
            "type": "button",
          },
          Object {
            "instance": null,
            "key": null,
            "nodeType": "host",
            "props": Object {
              "children": "Duration",
              "id": "length",
              "onClick": [Function],
            },
            "ref": null,
            "rendered": "Duration",
            "type": "button",
          },
        ],
        "type": "p",
      },
      Object {
        "instance": null,
        "key": null,
        "nodeType": "host",
        "props": Object {
          "children": Array [
            "Show lectures from: ",
            <button
              id="all"
              onClick={[Function]}
>
              all years
</button>,
            Array [
              <button
                id="y2015"
                onClick={[Function]}
>
                2015
</button>,
              <button
                id="y2016"
                onClick={[Function]}
>
                2016
</button>,
              <button
                id="y2017"
                onClick={[Function]}
>
                2017
</button>,
            ],
          ],
        },
        "ref": null,
        "rendered": Array [
          "Show lectures from: ",
          Object {
            "instance": null,
            "key": null,
            "nodeType": "host",
            "props": Object {
              "children": "all years",
              "id": "all",
              "onClick": [Function],
            },
            "ref": null,
            "rendered": "all years",
            "type": "button",
          },
          Object {
            "instance": null,
            "key": "0",
            "nodeType": "host",
            "props": Object {
              "children": "2015",
              "id": "y2015",
              "onClick": [Function],
            },
            "ref": null,
            "rendered": "2015",
            "type": "button",
          },
          Object {
            "instance": null,
            "key": "1",
            "nodeType": "host",
            "props": Object {
              "children": "2016",
              "id": "y2016",
              "onClick": [Function],
            },
            "ref": null,
            "rendered": "2016",
            "type": "button",
          },
          Object {
            "instance": null,
            "key": "2",
            "nodeType": "host",
            "props": Object {
              "children": "2017",
              "id": "y2017",
              "onClick": [Function],
            },
            "ref": null,
            "rendered": "2017",
            "type": "button",
          },
        ],
        "type": "p",
      },
      Object {
        "instance": null,
        "key": null,
        "nodeType": "host",
        "props": Object {
          "children": Array [
            "Search lectures: ",
            <input
              id="searchString"
              onChange={[Function]}
              placeholder="Enter speaker or keyword"
              type="search"
/>,
          ],
        },
        "ref": null,
        "rendered": Array [
          "Search lectures: ",
          Object {
            "instance": null,
            "key": null,
            "nodeType": "host",
            "props": Object {
              "id": "searchString",
              "onChange": [Function],
              "placeholder": "Enter speaker or keyword",
              "type": "search",
            },
            "ref": null,
            "rendered": null,
            "type": "input",
          },
        ],
        "type": "p",
      },
      Object {
        "instance": null,
        "key": "0",
        "nodeType": "function",
        "props": Object {
          "calcLength": [Function],
          "duration": "56:54",
          "formatSubtitle": [Function],
          "length": 3414,
          "pubDate": 2017-04-18T17:15:00.000Z,
          "subtitle": "some subtitle.",
          "summary": "some summary",
          "title": "some title",
          "url": "https://www.intellectualhistory.net/some_lecture.mp3",
          "year": "2017",
        },
        "ref": null,
        "rendered": null,
        "type": [Function],
      },
      Object {
        "instance": null,
        "key": "1",
        "nodeType": "function",
        "props": Object {
          "calcLength": [Function],
          "duration": "50:22",
          "formatSubtitle": [Function],
          "length": 3022,
          "pubDate": 2016-11-01T17:15:00.000Z,
          "subtitle": "another subtitle.",
          "summary": "another summary",
          "title": "another title",
          "url": "https://www.intellectualhistory.net/another_lecture.mp3",
          "year": "2016",
        },
        "ref": null,
        "rendered": null,
        "type": [Function],
      },
      Object {
        "instance": null,
        "key": "2",
        "nodeType": "function",
        "props": Object {
          "calcLength": [Function],
          "duration": "52:14",
          "formatSubtitle": [Function],
          "length": 3134,
          "pubDate": 2015-06-23T17:15:00.000Z,
          "subtitle": "some other subtitle.",
          "summary": "some other summary",
          "title": "some other title",
          "url": "https://www.intellectualhistory.net/some_other_file.mp3",
          "year": "2015",
        },
        "ref": null,
        "rendered": null,
        "type": [Function],
      },
      Object {
        "instance": null,
        "key": "3",
        "nodeType": "function",
        "props": Object {
          "calcLength": [Function],
          "duration": "55:52",
          "formatSubtitle": [Function],
          "length": 3352,
          "pubDate": 2015-06-30T17:15:00.000Z,
          "subtitle": "some other other subtitle.",
          "summary": "some other other summary",
          "title": "some other other title",
          "url": undefined,
          "year": "2015",
        },
        "ref": null,
        "rendered": null,
        "type": [Function],
      },
    ],
    "type": "div",
  },
  Symbol(enzyme.__nodes__): Array [
    Object {
      "instance": null,
      "key": null,
      "nodeType": "host",
      "props": Object {
        "children": Array [
          <p>
            Sort lectures by: 
            <button
                        id="pubDate"
                        onClick={[Function]}
            >
                        Date
            </button>
            <button
                        id="title"
                        onClick={[Function]}
            >
                        Title
            </button>
            <button
                        id="length"
                        onClick={[Function]}
            >
                        Duration
            </button>
</p>,
          <p>
            Show lectures from: 
            <button
                        id="all"
                        onClick={[Function]}
            >
                        all years
            </button>
            <button
                        id="y2015"
                        onClick={[Function]}
            >
                        2015
            </button>
            <button
                        id="y2016"
                        onClick={[Function]}
            >
                        2016
            </button>
            <button
                        id="y2017"
                        onClick={[Function]}
            >
                        2017
            </button>
</p>,
          <p>
            Search lectures: 
            <input
                        id="searchString"
                        onChange={[Function]}
                        placeholder="Enter speaker or keyword"
                        type="search"
            />
</p>,
          Array [
            <Lecture
              calcLength={[Function]}
              duration="56:54"
              formatSubtitle={[Function]}
              length={3414}
              pubDate={2017-04-18T17:15:00.000Z}
              subtitle="some subtitle."
              summary="some summary"
              title="some title"
              url="https://www.intellectualhistory.net/some_lecture.mp3"
              year="2017"
/>,
            <Lecture
              calcLength={[Function]}
              duration="50:22"
              formatSubtitle={[Function]}
              length={3022}
              pubDate={2016-11-01T17:15:00.000Z}
              subtitle="another subtitle."
              summary="another summary"
              title="another title"
              url="https://www.intellectualhistory.net/another_lecture.mp3"
              year="2016"
/>,
            <Lecture
              calcLength={[Function]}
              duration="52:14"
              formatSubtitle={[Function]}
              length={3134}
              pubDate={2015-06-23T17:15:00.000Z}
              subtitle="some other subtitle."
              summary="some other summary"
              title="some other title"
              url="https://www.intellectualhistory.net/some_other_file.mp3"
              year="2015"
/>,
            <Lecture
              calcLength={[Function]}
              duration="55:52"
              formatSubtitle={[Function]}
              length={3352}
              pubDate={2015-06-30T17:15:00.000Z}
              subtitle="some other other subtitle."
              summary="some other other summary"
              title="some other other title"
              url={undefined}
              year="2015"
/>,
          ],
        ],
        "className": "List",
      },
      "ref": null,
      "rendered": Array [
        Object {
          "instance": null,
          "key": null,
          "nodeType": "host",
          "props": Object {
            "children": Array [
              "Sort lectures by: ",
              <button
                id="pubDate"
                onClick={[Function]}
>
                Date
</button>,
              <button
                id="title"
                onClick={[Function]}
>
                Title
</button>,
              <button
                id="length"
                onClick={[Function]}
>
                Duration
</button>,
            ],
          },
          "ref": null,
          "rendered": Array [
            "Sort lectures by: ",
            Object {
              "instance": null,
              "key": null,
              "nodeType": "host",
              "props": Object {
                "children": "Date",
                "id": "pubDate",
                "onClick": [Function],
              },
              "ref": null,
              "rendered": "Date",
              "type": "button",
            },
            Object {
              "instance": null,
              "key": null,
              "nodeType": "host",
              "props": Object {
                "children": "Title",
                "id": "title",
                "onClick": [Function],
              },
              "ref": null,
              "rendered": "Title",
              "type": "button",
            },
            Object {
              "instance": null,
              "key": null,
              "nodeType": "host",
              "props": Object {
                "children": "Duration",
                "id": "length",
                "onClick": [Function],
              },
              "ref": null,
              "rendered": "Duration",
              "type": "button",
            },
          ],
          "type": "p",
        },
        Object {
          "instance": null,
          "key": null,
          "nodeType": "host",
          "props": Object {
            "children": Array [
              "Show lectures from: ",
              <button
                id="all"
                onClick={[Function]}
>
                all years
</button>,
              Array [
                <button
                  id="y2015"
                  onClick={[Function]}
>
                  2015
</button>,
                <button
                  id="y2016"
                  onClick={[Function]}
>
                  2016
</button>,
                <button
                  id="y2017"
                  onClick={[Function]}
>
                  2017
</button>,
              ],
            ],
          },
          "ref": null,
          "rendered": Array [
            "Show lectures from: ",
            Object {
              "instance": null,
              "key": null,
              "nodeType": "host",
              "props": Object {
                "children": "all years",
                "id": "all",
                "onClick": [Function],
              },
              "ref": null,
              "rendered": "all years",
              "type": "button",
            },
            Object {
              "instance": null,
              "key": "0",
              "nodeType": "host",
              "props": Object {
                "children": "2015",
                "id": "y2015",
                "onClick": [Function],
              },
              "ref": null,
              "rendered": "2015",
              "type": "button",
            },
            Object {
              "instance": null,
              "key": "1",
              "nodeType": "host",
              "props": Object {
                "children": "2016",
                "id": "y2016",
                "onClick": [Function],
              },
              "ref": null,
              "rendered": "2016",
              "type": "button",
            },
            Object {
              "instance": null,
              "key": "2",
              "nodeType": "host",
              "props": Object {
                "children": "2017",
                "id": "y2017",
                "onClick": [Function],
              },
              "ref": null,
              "rendered": "2017",
              "type": "button",
            },
          ],
          "type": "p",
        },
        Object {
          "instance": null,
          "key": null,
          "nodeType": "host",
          "props": Object {
            "children": Array [
              "Search lectures: ",
              <input
                id="searchString"
                onChange={[Function]}
                placeholder="Enter speaker or keyword"
                type="search"
/>,
            ],
          },
          "ref": null,
          "rendered": Array [
            "Search lectures: ",
            Object {
              "instance": null,
              "key": null,
              "nodeType": "host",
              "props": Object {
                "id": "searchString",
                "onChange": [Function],
                "placeholder": "Enter speaker or keyword",
                "type": "search",
              },
              "ref": null,
              "rendered": null,
              "type": "input",
            },
          ],
          "type": "p",
        },
        Object {
          "instance": null,
          "key": "0",
          "nodeType": "function",
          "props": Object {
            "calcLength": [Function],
            "duration": "56:54",
            "formatSubtitle": [Function],
            "length": 3414,
            "pubDate": 2017-04-18T17:15:00.000Z,
            "subtitle": "some subtitle.",
            "summary": "some summary",
            "title": "some title",
            "url": "https://www.intellectualhistory.net/some_lecture.mp3",
            "year": "2017",
          },
          "ref": null,
          "rendered": null,
          "type": [Function],
        },
        Object {
          "instance": null,
          "key": "1",
          "nodeType": "function",
          "props": Object {
            "calcLength": [Function],
            "duration": "50:22",
            "formatSubtitle": [Function],
            "length": 3022,
            "pubDate": 2016-11-01T17:15:00.000Z,
            "subtitle": "another subtitle.",
            "summary": "another summary",
            "title": "another title",
            "url": "https://www.intellectualhistory.net/another_lecture.mp3",
            "year": "2016",
          },
          "ref": null,
          "rendered": null,
          "type": [Function],
        },
        Object {
          "instance": null,
          "key": "2",
          "nodeType": "function",
          "props": Object {
            "calcLength": [Function],
            "duration": "52:14",
            "formatSubtitle": [Function],
            "length": 3134,
            "pubDate": 2015-06-23T17:15:00.000Z,
            "subtitle": "some other subtitle.",
            "summary": "some other summary",
            "title": "some other title",
            "url": "https://www.intellectualhistory.net/some_other_file.mp3",
            "year": "2015",
          },
          "ref": null,
          "rendered": null,
          "type": [Function],
        },
        Object {
          "instance": null,
          "key": "3",
          "nodeType": "function",
          "props": Object {
            "calcLength": [Function],
            "duration": "55:52",
            "formatSubtitle": [Function],
            "length": 3352,
            "pubDate": 2015-06-30T17:15:00.000Z,
            "subtitle": "some other other subtitle.",
            "summary": "some other other summary",
            "title": "some other other title",
            "url": undefined,
            "year": "2015",
          },
          "ref": null,
          "rendered": null,
          "type": [Function],
        },
      ],
      "type": "div",
    },
  ],
  Symbol(enzyme.__options__): Object {
    "adapter": ReactSixteenAdapter {
      "options": Object {
        "enableComponentDidUpdateOnSetState": true,
      },
    },
  },
}
`;
